<?xml version="1.0" encoding="UTF-8"?>
<TestRun id="e058c245-ec24-4f61-ac17-66455cf95615" name="AnthonyOToole@ANTHONYOTOOLEPC 2012-07-26 20:31:52" runUser="AnthonyOToolePC\AnthonyOToole" xmlns="http://microsoft.com/schemas/VisualStudio/TeamTest/2010">
  <TestSettings name="Default Test Settings" id="8b7019b8-24e2-460f-9595-5c2ff4aa544d">
    <Deployment runDeploymentRoot="AnthonyOToole_ANTHONYOTOOLEPC 2012-07-26 20_31_52">
      <DeploymentItem filename="C:\Users\AnthonyOToole\Desktop\Semester 3\EntityFrameworkResearch\4.Project Versions\MASTERPP\New Master\PenaltyPoints_Master\packages\EntityFramework.4.3.1\lib\net40\EntityFramework.dll" />
      <DeploymentItem filename="C:\Users\AnthonyOToole\Desktop\Semester 3\EntityFrameworkResearch\4.Project Versions\MASTERPP\New Master\PenaltyPoints_Master\OOPenaltyPoints\bin\OOPenaltyPoints.dll" />
    </Deployment>
    <Execution>
      <TestTypeSpecific />
      <AgentRule name="Execution Agents">
      </AgentRule>
    </Execution>
  </TestSettings>
  <Times creation="2012-07-26T20:31:52.0881901+01:00" queuing="2012-07-26T20:31:52.7172261+01:00" start="2012-07-26T20:31:52.7632287+01:00" finish="2012-07-26T20:31:54.6673376+01:00" />
  <ResultSummary outcome="Inconclusive">
    <Counters total="9" executed="9" passed="4" error="0" failed="0" timeout="0" aborted="0" inconclusive="5" passedButRunAborted="0" notRunnable="0" notExecuted="0" disconnected="0" warning="0" completed="0" inProgress="0" pending="0" />
  </ResultSummary>
  <TestDefinitions>
    <UnitTest name="DeleteListedOffenceByIdTest" storage="c:\users\anthonyotoole\desktop\semester 3\entityframeworkresearch\4.project versions\masterpp\new master\penaltypoints_master\oopenaltypoints.tests\bin\debug\oopenaltypoints.tests.dll" id="871a6ac7-a0c6-e470-e8f0-f30328a6d128">
      <Execution id="ee09dacf-ba3f-47e5-9e33-112d3330136f" />
      <TestMethod codeBase="C:/Users/AnthonyOToole/Desktop/Semester 3/EntityFrameworkResearch/4.Project Versions/MASTERPP/New Master/PenaltyPoints_Master/OOPenaltyPoints.Tests/bin/Debug/OOPenaltyPoints.Tests.DLL" adapterTypeName="Microsoft.VisualStudio.TestTools.TestTypes.Unit.UnitTestAdapter, Microsoft.VisualStudio.QualityTools.Tips.UnitTest.Adapter, Version=10.0.0.0, Culture=neutral, PublicKeyToken=b03f5f7f11d50a3a" className="OOPenaltyPoints.Tests.ListedOffenceDALTest, OOPenaltyPoints.Tests, Version=1.0.0.0, Culture=neutral, PublicKeyToken=null" name="DeleteListedOffenceByIdTest" />
    </UnitTest>
    <UnitTest name="CreateListedOffenceTest" storage="c:\users\anthonyotoole\desktop\semester 3\entityframeworkresearch\4.project versions\masterpp\new master\penaltypoints_master\oopenaltypoints.tests\bin\debug\oopenaltypoints.tests.dll" id="b35ecf29-50b6-d4c7-687b-ac9c333f8adc">
      <Execution id="81cfd894-1382-49c1-bf2a-7eda8328ac60" />
      <TestMethod codeBase="C:/Users/AnthonyOToole/Desktop/Semester 3/EntityFrameworkResearch/4.Project Versions/MASTERPP/New Master/PenaltyPoints_Master/OOPenaltyPoints.Tests/bin/Debug/OOPenaltyPoints.Tests.DLL" adapterTypeName="Microsoft.VisualStudio.TestTools.TestTypes.Unit.UnitTestAdapter, Microsoft.VisualStudio.QualityTools.Tips.UnitTest.Adapter, Version=10.0.0.0, Culture=neutral, PublicKeyToken=b03f5f7f11d50a3a" className="OOPenaltyPoints.Tests.ListedOffenceDALTest, OOPenaltyPoints.Tests, Version=1.0.0.0, Culture=neutral, PublicKeyToken=null" name="CreateListedOffenceTest" />
    </UnitTest>
    <UnitTest name="EditListedOffenceTest" storage="c:\users\anthonyotoole\desktop\semester 3\entityframeworkresearch\4.project versions\masterpp\new master\penaltypoints_master\oopenaltypoints.tests\bin\debug\oopenaltypoints.tests.dll" id="019cc5fd-dc29-fd08-fb59-ca0335acd376">
      <Execution id="92256e14-1755-4a33-b87c-36991565cb1a" />
      <TestMethod codeBase="C:/Users/AnthonyOToole/Desktop/Semester 3/EntityFrameworkResearch/4.Project Versions/MASTERPP/New Master/PenaltyPoints_Master/OOPenaltyPoints.Tests/bin/Debug/OOPenaltyPoints.Tests.DLL" adapterTypeName="Microsoft.VisualStudio.TestTools.TestTypes.Unit.UnitTestAdapter, Microsoft.VisualStudio.QualityTools.Tips.UnitTest.Adapter, Version=10.0.0.0, Culture=neutral, PublicKeyToken=b03f5f7f11d50a3a" className="OOPenaltyPoints.Tests.ListedOffenceDALTest, OOPenaltyPoints.Tests, Version=1.0.0.0, Culture=neutral, PublicKeyToken=null" name="EditListedOffenceTest" />
    </UnitTest>
    <UnitTest name="InitialSetup" storage="c:\users\anthonyotoole\desktop\semester 3\entityframeworkresearch\4.project versions\masterpp\new master\penaltypoints_master\oopenaltypoints.tests\bin\debug\oopenaltypoints.tests.dll" id="d5c006d0-b4a8-a584-a16b-fa4ef9a91096">
      <Execution id="c2eb9599-1c18-4c5f-a3b0-8fc64ea92f9e" />
      <TestMethod codeBase="C:/Users/AnthonyOToole/Desktop/Semester 3/EntityFrameworkResearch/4.Project Versions/MASTERPP/New Master/PenaltyPoints_Master/OOPenaltyPoints.Tests/bin/Debug/OOPenaltyPoints.Tests.DLL" adapterTypeName="Microsoft.VisualStudio.TestTools.TestTypes.Unit.UnitTestAdapter, Microsoft.VisualStudio.QualityTools.Tips.UnitTest.Adapter, Version=10.0.0.0, Culture=neutral, PublicKeyToken=b03f5f7f11d50a3a" className="OOPenaltyPoints.Tests.ListedOffenceDALTest, OOPenaltyPoints.Tests, Version=1.0.0.0, Culture=neutral, PublicKeyToken=null" name="InitialSetup" />
    </UnitTest>
    <UnitTest name="CreateSummonsDetailTest" storage="c:\users\anthonyotoole\desktop\semester 3\entityframeworkresearch\4.project versions\masterpp\new master\penaltypoints_master\oopenaltypoints.tests\bin\debug\oopenaltypoints.tests.dll" id="02933371-b464-a70b-e245-4b7d2ecb8c49">
      <Execution id="169878fa-3c99-4dda-a99d-b34edcb73e4c" />
      <TestMethod codeBase="C:/Users/AnthonyOToole/Desktop/Semester 3/EntityFrameworkResearch/4.Project Versions/MASTERPP/New Master/PenaltyPoints_Master/OOPenaltyPoints.Tests/bin/Debug/OOPenaltyPoints.Tests.DLL" adapterTypeName="Microsoft.VisualStudio.TestTools.TestTypes.Unit.UnitTestAdapter, Microsoft.VisualStudio.QualityTools.Tips.UnitTest.Adapter, Version=10.0.0.0, Culture=neutral, PublicKeyToken=b03f5f7f11d50a3a" className="OOPenaltyPoints.Tests.SummonsDetailDALTest, OOPenaltyPoints.Tests, Version=1.0.0.0, Culture=neutral, PublicKeyToken=null" name="CreateSummonsDetailTest" />
    </UnitTest>
    <UnitTest name="ListOfSummonsDetailsTest" storage="c:\users\anthonyotoole\desktop\semester 3\entityframeworkresearch\4.project versions\masterpp\new master\penaltypoints_master\oopenaltypoints.tests\bin\debug\oopenaltypoints.tests.dll" id="465fdf35-ea66-055c-d5b3-78feecd406c7">
      <Execution id="a7ebe58a-016f-4a8e-aae2-56aa1921d465" />
      <TestMethod codeBase="C:/Users/AnthonyOToole/Desktop/Semester 3/EntityFrameworkResearch/4.Project Versions/MASTERPP/New Master/PenaltyPoints_Master/OOPenaltyPoints.Tests/bin/Debug/OOPenaltyPoints.Tests.DLL" adapterTypeName="Microsoft.VisualStudio.TestTools.TestTypes.Unit.UnitTestAdapter, Microsoft.VisualStudio.QualityTools.Tips.UnitTest.Adapter, Version=10.0.0.0, Culture=neutral, PublicKeyToken=b03f5f7f11d50a3a" className="OOPenaltyPoints.Tests.SummonsDetailDALTest, OOPenaltyPoints.Tests, Version=1.0.0.0, Culture=neutral, PublicKeyToken=null" name="ListOfSummonsDetailsTest" />
    </UnitTest>
    <UnitTest name="ListedOffenceFindByIdTest" storage="c:\users\anthonyotoole\desktop\semester 3\entityframeworkresearch\4.project versions\masterpp\new master\penaltypoints_master\oopenaltypoints.tests\bin\debug\oopenaltypoints.tests.dll" id="f564cf2b-cc43-ff60-c3f6-dc3b47e4a3ed">
      <Execution id="4b11d4e0-c062-4575-ad31-f825c0a871cd" />
      <TestMethod codeBase="C:/Users/AnthonyOToole/Desktop/Semester 3/EntityFrameworkResearch/4.Project Versions/MASTERPP/New Master/PenaltyPoints_Master/OOPenaltyPoints.Tests/bin/Debug/OOPenaltyPoints.Tests.DLL" adapterTypeName="Microsoft.VisualStudio.TestTools.TestTypes.Unit.UnitTestAdapter, Microsoft.VisualStudio.QualityTools.Tips.UnitTest.Adapter, Version=10.0.0.0, Culture=neutral, PublicKeyToken=b03f5f7f11d50a3a" className="OOPenaltyPoints.Tests.ListedOffenceDALTest, OOPenaltyPoints.Tests, Version=1.0.0.0, Culture=neutral, PublicKeyToken=null" name="ListedOffenceFindByIdTest" />
    </UnitTest>
    <UnitTest name="SummonsDetailFindByIdTest" storage="c:\users\anthonyotoole\desktop\semester 3\entityframeworkresearch\4.project versions\masterpp\new master\penaltypoints_master\oopenaltypoints.tests\bin\debug\oopenaltypoints.tests.dll" id="d1bf7bd9-f8f9-fd8d-4880-7e643e56f5d5">
      <Execution id="be93841e-164c-4009-9a04-39c7414395b1" />
      <TestMethod codeBase="C:/Users/AnthonyOToole/Desktop/Semester 3/EntityFrameworkResearch/4.Project Versions/MASTERPP/New Master/PenaltyPoints_Master/OOPenaltyPoints.Tests/bin/Debug/OOPenaltyPoints.Tests.DLL" adapterTypeName="Microsoft.VisualStudio.TestTools.TestTypes.Unit.UnitTestAdapter, Microsoft.VisualStudio.QualityTools.Tips.UnitTest.Adapter, Version=10.0.0.0, Culture=neutral, PublicKeyToken=b03f5f7f11d50a3a" className="OOPenaltyPoints.Tests.SummonsDetailDALTest, OOPenaltyPoints.Tests, Version=1.0.0.0, Culture=neutral, PublicKeyToken=null" name="SummonsDetailFindByIdTest" />
    </UnitTest>
    <UnitTest name="ListOfListedOffencesTest" storage="c:\users\anthonyotoole\desktop\semester 3\entityframeworkresearch\4.project versions\masterpp\new master\penaltypoints_master\oopenaltypoints.tests\bin\debug\oopenaltypoints.tests.dll" id="83f9d785-cfd0-8844-0ff0-64b9293445ff">
      <Execution id="48e3b223-a155-4383-9e99-d7148debbed4" />
      <TestMethod codeBase="C:/Users/AnthonyOToole/Desktop/Semester 3/EntityFrameworkResearch/4.Project Versions/MASTERPP/New Master/PenaltyPoints_Master/OOPenaltyPoints.Tests/bin/Debug/OOPenaltyPoints.Tests.DLL" adapterTypeName="Microsoft.VisualStudio.TestTools.TestTypes.Unit.UnitTestAdapter, Microsoft.VisualStudio.QualityTools.Tips.UnitTest.Adapter, Version=10.0.0.0, Culture=neutral, PublicKeyToken=b03f5f7f11d50a3a" className="OOPenaltyPoints.Tests.ListedOffenceDALTest, OOPenaltyPoints.Tests, Version=1.0.0.0, Culture=neutral, PublicKeyToken=null" name="ListOfListedOffencesTest" />
    </UnitTest>
  </TestDefinitions>
  <TestLists>
    <TestList name="Results Not in a List" id="8c84fa94-04c1-424b-9868-57a2d4851a1d" />
    <TestList name="All Loaded Results" id="19431567-8539-422a-85d7-44ee4e166bda" />
  </TestLists>
  <TestEntries>
    <TestEntry testId="019cc5fd-dc29-fd08-fb59-ca0335acd376" executionId="92256e14-1755-4a33-b87c-36991565cb1a" testListId="8c84fa94-04c1-424b-9868-57a2d4851a1d" />
    <TestEntry testId="02933371-b464-a70b-e245-4b7d2ecb8c49" executionId="169878fa-3c99-4dda-a99d-b34edcb73e4c" testListId="8c84fa94-04c1-424b-9868-57a2d4851a1d" />
    <TestEntry testId="465fdf35-ea66-055c-d5b3-78feecd406c7" executionId="a7ebe58a-016f-4a8e-aae2-56aa1921d465" testListId="8c84fa94-04c1-424b-9868-57a2d4851a1d" />
    <TestEntry testId="83f9d785-cfd0-8844-0ff0-64b9293445ff" executionId="48e3b223-a155-4383-9e99-d7148debbed4" testListId="8c84fa94-04c1-424b-9868-57a2d4851a1d" />
    <TestEntry testId="871a6ac7-a0c6-e470-e8f0-f30328a6d128" executionId="ee09dacf-ba3f-47e5-9e33-112d3330136f" testListId="8c84fa94-04c1-424b-9868-57a2d4851a1d" />
    <TestEntry testId="b35ecf29-50b6-d4c7-687b-ac9c333f8adc" executionId="81cfd894-1382-49c1-bf2a-7eda8328ac60" testListId="8c84fa94-04c1-424b-9868-57a2d4851a1d" />
    <TestEntry testId="d1bf7bd9-f8f9-fd8d-4880-7e643e56f5d5" executionId="be93841e-164c-4009-9a04-39c7414395b1" testListId="8c84fa94-04c1-424b-9868-57a2d4851a1d" />
    <TestEntry testId="d5c006d0-b4a8-a584-a16b-fa4ef9a91096" executionId="c2eb9599-1c18-4c5f-a3b0-8fc64ea92f9e" testListId="8c84fa94-04c1-424b-9868-57a2d4851a1d" />
    <TestEntry testId="f564cf2b-cc43-ff60-c3f6-dc3b47e4a3ed" executionId="4b11d4e0-c062-4575-ad31-f825c0a871cd" testListId="8c84fa94-04c1-424b-9868-57a2d4851a1d" />
  </TestEntries>
  <Results>
    <UnitTestResult executionId="92256e14-1755-4a33-b87c-36991565cb1a" testId="019cc5fd-dc29-fd08-fb59-ca0335acd376" testName="EditListedOffenceTest" computerName="ANTHONYOTOOLEPC" duration="00:00:01.4388366" startTime="2012-07-26T20:31:52.8062312+01:00" endTime="2012-07-26T20:31:54.5093286+01:00" testType="13cdc9d9-ddb5-4fa4-a97d-d965ccfc6d4b" outcome="Inconclusive" testListId="8c84fa94-04c1-424b-9868-57a2d4851a1d" relativeResultsDirectory="92256e14-1755-4a33-b87c-36991565cb1a">
      <Output>
        <ErrorInfo>
          <Message>Assert.Inconclusive failed. Verify the correctness of this test method.</Message>
          <StackTrace>   at OOPenaltyPoints.Tests.ListedOffenceDALTest.EditListedOffenceTest() in C:\Users\AnthonyOToole\Desktop\Semester 3\EntityFrameworkResearch\4.Project Versions\MASTERPP\New Master\PenaltyPoints_Master\OOPenaltyPoints.Tests\DAL\ListedOffenceDALTest.cs:line 204
</StackTrace>
        </ErrorInfo>
      </Output>
    </UnitTestResult>
    <UnitTestResult executionId="169878fa-3c99-4dda-a99d-b34edcb73e4c" testId="02933371-b464-a70b-e245-4b7d2ecb8c49" testName="CreateSummonsDetailTest" computerName="ANTHONYOTOOLEPC" duration="00:00:00.0238832" startTime="2012-07-26T20:31:54.5103287+01:00" endTime="2012-07-26T20:31:54.5383303+01:00" testType="13cdc9d9-ddb5-4fa4-a97d-d965ccfc6d4b" outcome="Inconclusive" testListId="8c84fa94-04c1-424b-9868-57a2d4851a1d" relativeResultsDirectory="169878fa-3c99-4dda-a99d-b34edcb73e4c">
      <Output>
        <ErrorInfo>
          <Message>Assert.Inconclusive failed. Verify the correctness of this test method.</Message>
          <StackTrace>   at OOPenaltyPoints.Tests.SummonsDetailDALTest.CreateSummonsDetailTest() in C:\Users\AnthonyOToole\Desktop\Semester 3\EntityFrameworkResearch\4.Project Versions\MASTERPP\New Master\PenaltyPoints_Master\OOPenaltyPoints.Tests\DAL\SummonsDetailDALTest.cs:line 88
</StackTrace>
        </ErrorInfo>
      </Output>
    </UnitTestResult>
    <UnitTestResult executionId="a7ebe58a-016f-4a8e-aae2-56aa1921d465" testId="465fdf35-ea66-055c-d5b3-78feecd406c7" testName="ListOfSummonsDetailsTest" computerName="ANTHONYOTOOLEPC" duration="00:00:00.0243745" startTime="2012-07-26T20:31:54.5393303+01:00" endTime="2012-07-26T20:31:54.5683320+01:00" testType="13cdc9d9-ddb5-4fa4-a97d-d965ccfc6d4b" outcome="Passed" testListId="8c84fa94-04c1-424b-9868-57a2d4851a1d" relativeResultsDirectory="a7ebe58a-016f-4a8e-aae2-56aa1921d465">
    </UnitTestResult>
    <UnitTestResult executionId="48e3b223-a155-4383-9e99-d7148debbed4" testId="83f9d785-cfd0-8844-0ff0-64b9293445ff" testName="ListOfListedOffencesTest" computerName="ANTHONYOTOOLEPC" duration="00:00:00.0160486" startTime="2012-07-26T20:31:54.5693320+01:00" endTime="2012-07-26T20:31:54.5883331+01:00" testType="13cdc9d9-ddb5-4fa4-a97d-d965ccfc6d4b" outcome="Inconclusive" testListId="8c84fa94-04c1-424b-9868-57a2d4851a1d" relativeResultsDirectory="48e3b223-a155-4383-9e99-d7148debbed4">
      <Output>
        <ErrorInfo>
          <Message>Assert.Inconclusive failed. Verify the correctness of this test method.</Message>
          <StackTrace>   at OOPenaltyPoints.Tests.ListedOffenceDALTest.ListOfListedOffencesTest() in C:\Users\AnthonyOToole\Desktop\Semester 3\EntityFrameworkResearch\4.Project Versions\MASTERPP\New Master\PenaltyPoints_Master\OOPenaltyPoints.Tests\DAL\ListedOffenceDALTest.cs:line 244
</StackTrace>
        </ErrorInfo>
      </Output>
    </UnitTestResult>
    <UnitTestResult executionId="ee09dacf-ba3f-47e5-9e33-112d3330136f" testId="871a6ac7-a0c6-e470-e8f0-f30328a6d128" testName="DeleteListedOffenceByIdTest" computerName="ANTHONYOTOOLEPC" duration="00:00:00.0090452" startTime="2012-07-26T20:31:54.5903332+01:00" endTime="2012-07-26T20:31:54.6023339+01:00" testType="13cdc9d9-ddb5-4fa4-a97d-d965ccfc6d4b" outcome="Inconclusive" testListId="8c84fa94-04c1-424b-9868-57a2d4851a1d" relativeResultsDirectory="ee09dacf-ba3f-47e5-9e33-112d3330136f">
      <Output>
        <ErrorInfo>
          <Message>Assert.Inconclusive failed. Verify the correctness of this test method.</Message>
          <StackTrace>   at OOPenaltyPoints.Tests.ListedOffenceDALTest.DeleteListedOffenceByIdTest() in C:\Users\AnthonyOToole\Desktop\Semester 3\EntityFrameworkResearch\4.Project Versions\MASTERPP\New Master\PenaltyPoints_Master\OOPenaltyPoints.Tests\DAL\ListedOffenceDALTest.cs:line 175
</StackTrace>
        </ErrorInfo>
      </Output>
    </UnitTestResult>
    <UnitTestResult executionId="81cfd894-1382-49c1-bf2a-7eda8328ac60" testId="b35ecf29-50b6-d4c7-687b-ac9c333f8adc" testName="CreateListedOffenceTest" computerName="ANTHONYOTOOLEPC" duration="00:00:00.0045549" startTime="2012-07-26T20:31:54.6043340+01:00" endTime="2012-07-26T20:31:54.6143346+01:00" testType="13cdc9d9-ddb5-4fa4-a97d-d965ccfc6d4b" outcome="Passed" testListId="8c84fa94-04c1-424b-9868-57a2d4851a1d" relativeResultsDirectory="81cfd894-1382-49c1-bf2a-7eda8328ac60">
    </UnitTestResult>
    <UnitTestResult executionId="be93841e-164c-4009-9a04-39c7414395b1" testId="d1bf7bd9-f8f9-fd8d-4880-7e643e56f5d5" testName="SummonsDetailFindByIdTest" computerName="ANTHONYOTOOLEPC" duration="00:00:00.0077092" startTime="2012-07-26T20:31:54.6173348+01:00" endTime="2012-07-26T20:31:54.6303355+01:00" testType="13cdc9d9-ddb5-4fa4-a97d-d965ccfc6d4b" outcome="Passed" testListId="8c84fa94-04c1-424b-9868-57a2d4851a1d" relativeResultsDirectory="be93841e-164c-4009-9a04-39c7414395b1">
    </UnitTestResult>
    <UnitTestResult executionId="c2eb9599-1c18-4c5f-a3b0-8fc64ea92f9e" testId="d5c006d0-b4a8-a584-a16b-fa4ef9a91096" testName="InitialSetup" computerName="ANTHONYOTOOLEPC" duration="00:00:00.0001566" startTime="2012-07-26T20:31:54.6313356+01:00" endTime="2012-07-26T20:31:54.6343358+01:00" testType="13cdc9d9-ddb5-4fa4-a97d-d965ccfc6d4b" outcome="Passed" testListId="8c84fa94-04c1-424b-9868-57a2d4851a1d" relativeResultsDirectory="c2eb9599-1c18-4c5f-a3b0-8fc64ea92f9e">
    </UnitTestResult>
    <UnitTestResult executionId="4b11d4e0-c062-4575-ad31-f825c0a871cd" testId="f564cf2b-cc43-ff60-c3f6-dc3b47e4a3ed" testName="ListedOffenceFindByIdTest" computerName="ANTHONYOTOOLEPC" duration="00:00:00.0049784" startTime="2012-07-26T20:31:54.6353358+01:00" endTime="2012-07-26T20:31:54.6433363+01:00" testType="13cdc9d9-ddb5-4fa4-a97d-d965ccfc6d4b" outcome="Inconclusive" testListId="8c84fa94-04c1-424b-9868-57a2d4851a1d" relativeResultsDirectory="4b11d4e0-c062-4575-ad31-f825c0a871cd">
      <Output>
        <ErrorInfo>
          <Message>Assert.Inconclusive failed. Verify the correctness of this test method.</Message>
          <StackTrace>   at OOPenaltyPoints.Tests.ListedOffenceDALTest.ListedOffenceFindByIdTest() in C:\Users\AnthonyOToole\Desktop\Semester 3\EntityFrameworkResearch\4.Project Versions\MASTERPP\New Master\PenaltyPoints_Master\OOPenaltyPoints.Tests\DAL\ListedOffenceDALTest.cs:line 233
</StackTrace>
        </ErrorInfo>
      </Output>
    </UnitTestResult>
  </Results>
</TestRun>